Archive member included to satisfy reference by file (symbol)

/Volumes/Macintosh HD/Applications/STM32CubeIDE.app/Contents/Eclipse/plugins/com.st.stm32cube.ide.mcu.externaltools.gnu-tools-for-stm32.7-2018-q2-update.macos64_1.0.0.201904181610/tools/bin/../lib/gcc/arm-none-eabi/7.3.1/../../../../arm-none-eabi/lib/thumb/v6-m/libc_nano.a(lib_a-errno.o)
                              Core/Src/syscalls.o (__errno)
/Volumes/Macintosh HD/Applications/STM32CubeIDE.app/Contents/Eclipse/plugins/com.st.stm32cube.ide.mcu.externaltools.gnu-tools-for-stm32.7-2018-q2-update.macos64_1.0.0.201904181610/tools/bin/../lib/gcc/arm-none-eabi/7.3.1/../../../../arm-none-eabi/lib/thumb/v6-m/libc_nano.a(lib_a-exit.o)
                              /Volumes/Macintosh HD/Applications/STM32CubeIDE.app/Contents/Eclipse/plugins/com.st.stm32cube.ide.mcu.externaltools.gnu-tools-for-stm32.7-2018-q2-update.macos64_1.0.0.201904181610/tools/bin/../lib/gcc/arm-none-eabi/7.3.1/../../../../arm-none-eabi/lib/thumb/v6-m/crt0.o (exit)
/Volumes/Macintosh HD/Applications/STM32CubeIDE.app/Contents/Eclipse/plugins/com.st.stm32cube.ide.mcu.externaltools.gnu-tools-for-stm32.7-2018-q2-update.macos64_1.0.0.201904181610/tools/bin/../lib/gcc/arm-none-eabi/7.3.1/../../../../arm-none-eabi/lib/thumb/v6-m/libc_nano.a(lib_a-impure.o)
                              /Volumes/Macintosh HD/Applications/STM32CubeIDE.app/Contents/Eclipse/plugins/com.st.stm32cube.ide.mcu.externaltools.gnu-tools-for-stm32.7-2018-q2-update.macos64_1.0.0.201904181610/tools/bin/../lib/gcc/arm-none-eabi/7.3.1/../../../../arm-none-eabi/lib/thumb/v6-m/libc_nano.a(lib_a-exit.o) (_global_impure_ptr)
/Volumes/Macintosh HD/Applications/STM32CubeIDE.app/Contents/Eclipse/plugins/com.st.stm32cube.ide.mcu.externaltools.gnu-tools-for-stm32.7-2018-q2-update.macos64_1.0.0.201904181610/tools/bin/../lib/gcc/arm-none-eabi/7.3.1/../../../../arm-none-eabi/lib/thumb/v6-m/libc_nano.a(lib_a-init.o)
                              /Volumes/Macintosh HD/Applications/STM32CubeIDE.app/Contents/Eclipse/plugins/com.st.stm32cube.ide.mcu.externaltools.gnu-tools-for-stm32.7-2018-q2-update.macos64_1.0.0.201904181610/tools/bin/../lib/gcc/arm-none-eabi/7.3.1/../../../../arm-none-eabi/lib/thumb/v6-m/crt0.o (__libc_init_array)
/Volumes/Macintosh HD/Applications/STM32CubeIDE.app/Contents/Eclipse/plugins/com.st.stm32cube.ide.mcu.externaltools.gnu-tools-for-stm32.7-2018-q2-update.macos64_1.0.0.201904181610/tools/bin/../lib/gcc/arm-none-eabi/7.3.1/../../../../arm-none-eabi/lib/thumb/v6-m/libc_nano.a(lib_a-memset.o)
                              /Volumes/Macintosh HD/Applications/STM32CubeIDE.app/Contents/Eclipse/plugins/com.st.stm32cube.ide.mcu.externaltools.gnu-tools-for-stm32.7-2018-q2-update.macos64_1.0.0.201904181610/tools/bin/../lib/gcc/arm-none-eabi/7.3.1/../../../../arm-none-eabi/lib/thumb/v6-m/crt0.o (memset)
/Volumes/Macintosh HD/Applications/STM32CubeIDE.app/Contents/Eclipse/plugins/com.st.stm32cube.ide.mcu.externaltools.gnu-tools-for-stm32.7-2018-q2-update.macos64_1.0.0.201904181610/tools/bin/../lib/gcc/arm-none-eabi/7.3.1/thumb/v6-m/libgcc.a(_udivsi3.o)
                              Core/Src/main.o (__aeabi_uidiv)
/Volumes/Macintosh HD/Applications/STM32CubeIDE.app/Contents/Eclipse/plugins/com.st.stm32cube.ide.mcu.externaltools.gnu-tools-for-stm32.7-2018-q2-update.macos64_1.0.0.201904181610/tools/bin/../lib/gcc/arm-none-eabi/7.3.1/thumb/v6-m/libgcc.a(_dvmd_tls.o)
                              /Volumes/Macintosh HD/Applications/STM32CubeIDE.app/Contents/Eclipse/plugins/com.st.stm32cube.ide.mcu.externaltools.gnu-tools-for-stm32.7-2018-q2-update.macos64_1.0.0.201904181610/tools/bin/../lib/gcc/arm-none-eabi/7.3.1/thumb/v6-m/libgcc.a(_udivsi3.o) (__aeabi_idiv0)
/Volumes/Macintosh HD/Applications/STM32CubeIDE.app/Contents/Eclipse/plugins/com.st.stm32cube.ide.mcu.externaltools.gnu-tools-for-stm32.7-2018-q2-update.macos64_1.0.0.201904181610/tools/bin/../lib/gcc/arm-none-eabi/7.3.1/thumb/v6-m/libgcc.a(_fixunssfsi.o)
                              Core/Src/main.o (__aeabi_f2uiz)
/Volumes/Macintosh HD/Applications/STM32CubeIDE.app/Contents/Eclipse/plugins/com.st.stm32cube.ide.mcu.externaltools.gnu-tools-for-stm32.7-2018-q2-update.macos64_1.0.0.201904181610/tools/bin/../lib/gcc/arm-none-eabi/7.3.1/thumb/v6-m/libgcc.a(divsf3.o)
                              Core/Src/main.o (__aeabi_fdiv)
/Volumes/Macintosh HD/Applications/STM32CubeIDE.app/Contents/Eclipse/plugins/com.st.stm32cube.ide.mcu.externaltools.gnu-tools-for-stm32.7-2018-q2-update.macos64_1.0.0.201904181610/tools/bin/../lib/gcc/arm-none-eabi/7.3.1/thumb/v6-m/libgcc.a(mulsf3.o)
                              Core/Src/main.o (__aeabi_fmul)
/Volumes/Macintosh HD/Applications/STM32CubeIDE.app/Contents/Eclipse/plugins/com.st.stm32cube.ide.mcu.externaltools.gnu-tools-for-stm32.7-2018-q2-update.macos64_1.0.0.201904181610/tools/bin/../lib/gcc/arm-none-eabi/7.3.1/thumb/v6-m/libgcc.a(subsf3.o)
[...]
Memory Configuration

Name             Origin             Length             Attributes
RAM              0x0000000020000000 0x0000000000002000 xrw
FLASH            0x0000000008000000 0x0000000000008000 xr
*default*        0x0000000000000000 0xffffffffffffffff

Linker script and memory map

LOAD /Volumes/Macintosh HD/Applications/STM32CubeIDE.app/Contents/Eclipse/plugins/com.st.stm32cube.ide.mcu.externaltools.gnu-tools-for-stm32.7-2018-q2-update.macos64_1.0.0.201904181610/tools/bin/../lib/gcc/arm-none-eabi/7.3.1/thumb/v6-m/crti.o
LOAD /Volumes/Macintosh HD/Applications/STM32CubeIDE.app/Contents/Eclipse/plugins/com.st.stm32cube.ide.mcu.externaltools.gnu-tools-for-stm32.7-2018-q2-update.macos64_1.0.0.201904181610/tools/bin/../lib/gcc/arm-none-eabi/7.3.1/thumb/v6-m/crtbegin.o
LOAD /Volumes/Macintosh HD/Applications/STM32CubeIDE.app/Contents/Eclipse/plugins/com.st.stm32cube.ide.mcu.externaltools.gnu-tools-for-stm32.7-2018-q2-update.macos64_1.0.0.201904181610/tools/bin/../lib/gcc/arm-none-eabi/7.3.1/../../../../arm-none-eabi/lib/thumb/v6-m/crt0.o
LOAD Core/Src/main.o
LOAD Core/Src/stm32g0xx_hal_msp.o
LOAD Core/Src/stm32g0xx_it.o
LOAD Core/Src/syscalls.o
LOAD Core/Src/sysmem.o
LOAD Core/Src/system_stm32g0xx.o
LOAD Core/Startup/startup_stm32g031j6mx.o
LOAD Drivers/STM32G0xx_HAL_Driver/Src/stm32g0xx_hal.o
LOAD Drivers/STM32G0xx_HAL_Driver/Src/stm32g0xx_hal_adc.o
LOAD Drivers/STM32G0xx_HAL_Driver/Src/stm32g0xx_hal_adc_ex.o
LOAD Drivers/STM32G0xx_HAL_Driver/Src/stm32g0xx_hal_cortex.o
LOAD Drivers/STM32G0xx_HAL_Driver/Src/stm32g0xx_hal_dma.o
LOAD Drivers/STM32G0xx_HAL_Driver/Src/stm32g0xx_hal_dma_ex.o
LOAD Drivers/STM32G0xx_HAL_Driver/Src/stm32g0xx_hal_exti.o
LOAD Drivers/STM32G0xx_HAL_Driver/Src/stm32g0xx_hal_flash.o
LOAD Drivers/STM32G0xx_HAL_Driver/Src/stm32g0xx_hal_flash_ex.o
LOAD Drivers/STM32G0xx_HAL_Driver/Src/stm32g0xx_hal_gpio.o
LOAD Drivers/STM32G0xx_HAL_Driver/Src/stm32g0xx_hal_pwr.o
LOAD Drivers/STM32G0xx_HAL_Driver/Src/stm32g0xx_hal_pwr_ex.o
LOAD Drivers/STM32G0xx_HAL_Driver/Src/stm32g0xx_hal_rcc.o
LOAD Drivers/STM32G0xx_HAL_Driver/Src/stm32g0xx_hal_rcc_ex.o
LOAD Drivers/STM32G0xx_HAL_Driver/Src/stm32g0xx_hal_tim.o
LOAD Drivers/STM32G0xx_HAL_Driver/Src/stm32g0xx_hal_tim_ex.o
LOAD Drivers/STM32G0xx_HAL_Driver/Src/stm32g0xx_ll_adc.o
LOAD Drivers/STM32G0xx_HAL_Driver/Src/stm32g0xx_ll_rcc.o
START GROUP
LOAD /Volumes/Macintosh HD/Applications/STM32CubeIDE.app/Contents/Eclipse/plugins/com.st.stm32cube.ide.mcu.externaltools.gnu-tools-for-stm32.7-2018-q2-update.macos64_1.0.0.201904181610/tools/bin/../lib/gcc/arm-none-eabi/7.3.1/../../../../arm-none-eabi/lib/thumb/v6-m/libc_nano.a
LOAD /Volumes/Macintosh HD/Applications/STM32CubeIDE.app/Contents/Eclipse/plugins/com.st.stm32cube.ide.mcu.externaltools.gnu-tools-for-stm32.7-2018-q2-update.macos64_1.0.0.201904181610/tools/bin/../lib/gcc/arm-none-eabi/7.3.1/../../../../arm-none-eabi/lib/thumb/v6-m/libm.a
END GROUP
START GROUP
LOAD /Volumes/Macintosh HD/Applications/STM32CubeIDE.app/Contents/Eclipse/plugins/com.st.stm32cube.ide.mcu.externaltools.gnu-tools-for-stm32.7-2018-q2-update.macos64_1.0.0.201904181610/tools/bin/../lib/gcc/arm-none-eabi/7.3.1/thumb/v6-m/libgcc.a
LOAD /Volumes/Macintosh HD/Applications/STM32CubeIDE.app/Contents/Eclipse/plugins/com.st.stm32cube.ide.mcu.externaltools.gnu-tools-for-stm32.7-2018-q2-update.macos64_1.0.0.201904181610/tools/bin/../lib/gcc/arm-none-eabi/7.3.1/../../../../arm-none-eabi/lib/thumb/v6-m/libc_nano.a
END GROUP
START GROUP
LOAD /Volumes/Macintosh HD/Applications/STM32CubeIDE.app/Contents/Eclipse/plugins/com.st.stm32cube.ide.mcu.externaltools.gnu-tools-for-stm32.7-2018-q2-update.macos64_1.0.0.201904181610/tools/bin/../lib/gcc/arm-none-eabi/7.3.1/thumb/v6-m/libgcc.a
LOAD /Volumes/Macintosh HD/Applications/STM32CubeIDE.app/Contents/Eclipse/plugins/com.st.stm32cube.ide.mcu.externaltools.gnu-tools-for-stm32.7-2018-q2-update.macos64_1.0.0.201904181610/tools/bin/../lib/gcc/arm-none-eabi/7.3.1/../../../../arm-none-eabi/lib/thumb/v6-m/libc_nano.a
LOAD /Volumes/Macintosh HD/Applications/STM32CubeIDE.app/Contents/Eclipse/plugins/com.st.stm32cube.ide.mcu.externaltools.gnu-tools-for-stm32.7-2018-q2-update.macos64_1.0.0.201904181610/tools/bin/../lib/gcc/arm-none-eabi/7.3.1/../../../../arm-none-eabi/lib/thumb/v6-m/libnosys.a
END GROUP
START GROUP
LOAD /Volumes/Macintosh HD/Applications/STM32CubeIDE.app/Contents/Eclipse/plugins/com.st.stm32cube.ide.mcu.externaltools.gnu-tools-for-stm32.7-2018-q2-update.macos64_1.0.0.201904181610/tools/bin/../lib/gcc/arm-none-eabi/7.3.1/thumb/v6-m/libgcc.a
LOAD /Volumes/Macintosh HD/Applications/STM32CubeIDE.app/Contents/Eclipse/plugins/com.st.stm32cube.ide.mcu.externaltools.gnu-tools-for-stm32.7-2018-q2-update.macos64_1.0.0.201904181610/tools/bin/../lib/gcc/arm-none-eabi/7.3.1/../../../../arm-none-eabi/lib/thumb/v6-m/libc_nano.a
LOAD /Volumes/Macintosh HD/Applications/STM32CubeIDE.app/Contents/Eclipse/plugins/com.st.stm32cube.ide.mcu.externaltools.gnu-tools-for-stm32.7-2018-q2-update.macos64_1.0.0.201904181610/tools/bin/../lib/gcc/arm-none-eabi/7.3.1/../../../../arm-none-eabi/lib/thumb/v6-m/libnosys.a
END GROUP
LOAD /Volumes/Macintosh HD/Applications/STM32CubeIDE.app/Contents/Eclipse/plugins/com.st.stm32cube.ide.mcu.externaltools.gnu-tools-for-stm32.7-2018-q2-update.macos64_1.0.0.201904181610/tools/bin/../lib/gcc/arm-none-eabi/7.3.1/thumb/v6-m/crtend.o
LOAD /Volumes/Macintosh HD/Applications/STM32CubeIDE.app/Contents/Eclipse/plugins/com.st.stm32cube.ide.mcu.externaltools.gnu-tools-for-stm32.7-2018-q2-update.macos64_1.0.0.201904181610/tools/bin/../lib/gcc/arm-none-eabi/7.3.1/thumb/v6-m/crtn.o
                0x0000000020002000                _estack = (ORIGIN (RAM) + LENGTH (RAM))
                0x0000000000000200                _Min_Heap_Size = 0x200
                0x0000000000000400                _Min_Stack_Size = 0x400

.isr_vector     0x0000000008000000       0xbc
                0x0000000008000000                . = ALIGN (0x4)
 *(.isr_vector)
 .isr_vector    0x0000000008000000       0xbc Core/Startup/startup_stm32g031j6mx.o
                0x0000000008000000                g_pfnVectors
                0x00000000080000bc                . = ALIGN (0x4)

.text           0x00000000080000bc     0x4444
                0x00000000080000bc                . = ALIGN (0x4)
 *(.text)
 .text          0x00000000080000bc       0x48 /Volumes/Macintosh HD/Applications/STM32CubeIDE.app/Contents/Eclipse/plugins/com.st.stm32cube.ide.mcu.externaltools.gnu-tools-for-stm32.7-2018-q2-update.macos64_1.0.0.201904181610/tools/bin/../lib/gcc/arm-none-eabi/7.3.1/thumb/v6-m/crtbegin.o
 .text          0x0000000008000104      0x114 /Volumes/Macintosh HD/Applications/STM32CubeIDE.app/Contents/Eclipse/plugins/com.st.stm32cube.ide.mcu.externaltools.gnu-tools-for-stm32.7-2018-q2-update.macos64_1.0.0.201904181610/tools/bin/../lib/gcc/arm-none-eabi/7.3.1/thumb/v6-m/libgcc.a(_udivsi3.o)
                0x0000000008000104                __udivsi3
                0x0000000008000104                __aeabi_uidiv
                0x0000000008000210                __aeabi_uidivmod
 .text          0x0000000008000218        0x4 /Volumes/Macintosh HD/Applications/STM32CubeIDE.app/Contents/Eclipse/plugins/com.st.stm32cube.ide.mcu.externaltools.gnu-tools-for-stm32.7-2018-q2-update.macos64_1.0.0.201904181610/tools/bin/../lib/gcc/arm-none-eabi/7.3.1/thumb/v6-m/libgcc.a(_dvmd_tls.o)
                0x0000000008000218                __aeabi_ldiv0
                0x0000000008000218                __aeabi_idiv0
 .text          0x000000000800021c       0x30 /Volumes/Macintosh HD/Applications/STM32CubeIDE.app/Contents/Eclipse/plugins/com.st.stm32cube.ide.mcu.externaltools.gnu-tools-for-stm32.7-2018-q2-update.macos64_1.0.0.201904181610/tools/bin/../lib/gcc/arm-none-eabi/7.3.1/thumb/v6-m/libgcc.a(_fixunssfsi.o)
                0x000000000800021c                __aeabi_f2uiz
                0x000000000800021c                __fixunssfsi
 .text          0x000000000800024c      0x224 /Volumes/Macintosh HD/Applications/STM32CubeIDE.app/Contents/Eclipse/plugins/com.st.stm32cube.ide.mcu.externaltools.gnu-tools-for-stm32.7-2018-q2-update.macos64_1.0.0.201904181610/tools/bin/../lib/gcc/arm-none-eabi/7.3.1/thumb/v6-m/libgcc.a(divsf3.o)
                0x000000000800024c                __aeabi_fdiv
 .text          0x0000000008000470      0x264 /Volumes/Macintosh HD/Applications/STM32CubeIDE.app/Contents/Eclipse/plugins/com.st.stm32cube.ide.mcu.externaltools.gnu-tools-for-stm32.7-2018-q2-update.macos64_1.0.0.201904181610/tools/bin/../lib/gcc/arm-none-eabi/7.3.1/thumb/v6-m/libgcc.a(mulsf3.o)
                0x0000000008000470                __aeabi_fmul
 .text          0x00000000080006d4      0x388 /Volumes/Macintosh HD/Applications/STM32CubeIDE.app/Contents/Eclipse/plugins/com.st.stm32cube.ide.mcu.externaltools.gnu-tools-for-stm32.7-2018-q2-update.macos64_1.0.0.201904181610/tools/bin/../lib/gcc/arm-none-eabi/7.3.1/thumb/v6-m/libgcc.a(subsf3.o)
                0x00000000080006d4                __aeabi_fsub
 .text          0x0000000008000a5c       0x40 /Volumes/Macintosh HD/Applications/STM32CubeIDE.app/Contents/Eclipse/plugins/com.st.stm32cube.ide.mcu.externaltools.gnu-tools-for-stm32.7-2018-q2-update.macos64_1.0.0.201904181610/tools/bin/../lib/gcc/arm-none-eabi/7.3.1/thumb/v6-m/libgcc.a(fixsfsi.o)
                0x0000000008000a5c                __aeabi_f2iz
 .text          0x0000000008000a9c       0x94 /Volumes/Macintosh HD/Applications/STM32CubeIDE.app/Contents/Eclipse/plugins/com.st.stm32cube.ide.mcu.externaltools.gnu-tools-for-stm32.7-2018-q2-update.macos64_1.0.0.201904181610/tools/bin/../lib/gcc/arm-none-eabi/7.3.1/thumb/v6-m/libgcc.a(floatsisf.o)
                0x0000000008000a9c                __aeabi_i2f
 .text          0x0000000008000b30       0x80 /Volumes/Macintosh HD/Applications/STM32CubeIDE.app/Contents/Eclipse/plugins/com.st.stm32cube.ide.mcu.externaltools.gnu-tools-for-stm32.7-2018-q2-update.macos64_1.0.0.201904181610/tools/bin/../lib/gcc/arm-none-eabi/7.3.1/thumb/v6-m/libgcc.a(floatunsisf.o)
                0x0000000008000b30                __aeabi_ui2f
 .text          0x0000000008000bb0       0x74 /Volumes/Macintosh HD/Applications/STM32CubeIDE.app/Contents/Eclipse/plugins/com.st.stm32cube.ide.mcu.externaltools.gnu-tools-for-stm32.7-2018-q2-update.macos64_1.0.0.201904181610/tools/bin/../lib/gcc/arm-none-eabi/7.3.1/thumb/v6-m/libgcc.a(_arm_cmpsf2.o)
                0x0000000008000bb0                __aeabi_cfrcmple
                0x0000000008000bb8                __aeabi_cfcmple
                0x0000000008000bb8                __aeabi_cfcmpeq
                0x0000000008000bc8                __aeabi_fcmpeq
                0x0000000008000bd4                __aeabi_fcmplt
                0x0000000008000be8                __aeabi_fcmple
                0x0000000008000bfc                __aeabi_fcmpgt
                0x0000000008000c10                __aeabi_fcmpge
 .text          0x0000000008000c24       0x3c /Volumes/Macintosh HD/Applications/STM32CubeIDE.app/Contents/Eclipse/plugins/com.st.stm32cube.ide.mcu.externaltools.gnu-tools-for-stm32.7-2018-q2-update.macos64_1.0.0.201904181610/tools/bin/../lib/gcc/arm-none-eabi/7.3.1/thumb/v6-m/libgcc.a(_clzsi2.o)
                0x0000000008000c24                __clzsi2
 .text          0x0000000008000c60       0x50 /Volumes/Macintosh HD/Applications/STM32CubeIDE.app/Contents/Eclipse/plugins/com.st.stm32cube.ide.mcu.externaltools.gnu-tools-for-stm32.7-2018-q2-update.macos64_1.0.0.201904181610/tools/bin/../lib/gcc/arm-none-eabi/7.3.1/thumb/v6-m/libgcc.a(eqsf2.o)
                0x0000000008000c60                __nesf2
                0x0000000008000c60                __eqsf2
 .text          0x0000000008000cb0       0x9c /Volumes/Macintosh HD/Applications/STM32CubeIDE.app/Contents/Eclipse/plugins/com.st.stm32cube.ide.mcu.externaltools.gnu-tools-for-stm32.7-2018-q2-update.macos64_1.0.0.201904181610/tools/bin/../lib/gcc/arm-none-eabi/7.3.1/thumb/v6-m/libgcc.a(gesf2.o)
                0x0000000008000cb0                __gtsf2
                0x0000000008000cb0                __gesf2
 .text          0x0000000008000d4c       0xa0 /Volumes/Macintosh HD/Applications/STM32CubeIDE.app/Contents/Eclipse/plugins/com.st.stm32cube.ide.mcu.externaltools.gnu-tools-for-stm32.7-2018-q2-update.macos64_1.0.0.201904181610/tools/bin/../lib/gcc/arm-none-eabi/7.3.1/thumb/v6-m/libgcc.a(lesf2.o)
                0x0000000008000d4c                __lesf2
                0x0000000008000d4c                __ltsf2
 *(.text*)
 .text.main     0x0000000008000dec      0x3d8 Core/Src/main.o
                0x0000000008000dec                main
 .text.SystemClock_Config
                0x00000000080011c4       0xec Core/Src/main.o
                0x00000000080011c4                SystemClock_Config
 .text.MX_ADC1_Init
                0x00000000080012b0      0x120 Core/Src/main.o
 .text.MX_GPIO_Init
                0x00000000080013d0       0xac Core/Src/main.o
 .text.getCalFlashSlot
                0x000000000800147c       0x98 Core/Src/main.o
                0x000000000800147c                getCalFlashSlot
 .text.calibration
                0x0000000008001514      0x340 Core/Src/main.o
                0x0000000008001514                calibration
 .text.draw5    0x0000000008001854       0xe8 Core/Src/main.o
                0x0000000008001854                draw5
 .text.drawInf  0x000000000800193c       0xc8 Core/Src/main.o
                0x000000000800193c                drawInf
 .text.writeToFlash
                0x0000000008001a04       0xc4 Core/Src/main.o
                0x0000000008001a04                writeToFlash
 .text.eraseFlash
                0x0000000008001ac8       0x90 Core/Src/main.o
                0x0000000008001ac8                eraseFlash
 .text.getValue
                0x0000000008001b58       0x34 Core/Src/main.o
                0x0000000008001b58                getValue
 .text.rotateLeft
                0x0000000008001b8c       0x68 Core/Src/main.o
                0x0000000008001b8c                rotateLeft
 .text.rotateRight
                0x0000000008001bf4       0x68 Core/Src/main.o
                0x0000000008001bf4                rotateRight
 .text.Error_Handler
                0x0000000008001c5c        0xa Core/Src/main.o
                0x0000000008001c5c                Error_Handler
 *fill*         0x0000000008001c66        0x2 
 .text.HAL_MspInit
                0x0000000008001c68       0x48 Core/Src/stm32g0xx_hal_msp.o
                0x0000000008001c68                HAL_MspInit
 .text.HAL_ADC_MspInit
                0x0000000008001cb0       0x8c Core/Src/stm32g0xx_hal_msp.o
                0x0000000008001cb0                HAL_ADC_MspInit
 .text.NMI_Handler
                0x0000000008001d3c        0xa Core/Src/stm32g0xx_it.o
                0x0000000008001d3c                NMI_Handler
 .text.HardFault_Handler
                0x0000000008001d46        0x6 Core/Src/stm32g0xx_it.o
                0x0000000008001d46                HardFault_Handler
 .text.SVC_Handler
                0x0000000008001d4c        0xa Core/Src/stm32g0xx_it.o
                0x0000000008001d4c                SVC_Handler
 .text.PendSV_Handler
                0x0000000008001d56        0xa Core/Src/stm32g0xx_it.o
                0x0000000008001d56                PendSV_Handler
 .text.SysTick_Handler
                0x0000000008001d60        0xe Core/Src/stm32g0xx_it.o
                0x0000000008001d60                SysTick_Handler
 *fill*         0x0000000008001d6e        0x2 
 .text.SystemInit
                0x0000000008001d70       0x18 Core/Src/system_stm32g0xx.o
                0x0000000008001d70                SystemInit
 .text.Reset_Handler
                0x0000000008001d88       0x50 Core/Startup/startup_stm32g031j6mx.o
                0x0000000008001d88                Reset_Handler
 .text.Default_Handler
                0x0000000008001dd8        0x2 Core/Startup/startup_stm32g031j6mx.o
                0x0000000008001dd8                LPTIM1_IRQHandler
                0x0000000008001dd8                PVD_IRQHandler
                0x0000000008001dd8                I2C1_IRQHandler
                0x0000000008001dd8                LPTIM2_IRQHandler
                0x0000000008001dd8                RTC_TAMP_IRQHandler
                0x0000000008001dd8                SPI1_IRQHandler
                0x0000000008001dd8                DMA1_Ch4_5_DMAMUX1_OVR_IRQHandler
                0x0000000008001dd8                EXTI2_3_IRQHandler
                0x0000000008001dd8                ADC1_IRQHandler
                0x0000000008001dd8                I2C2_IRQHandler
                0x0000000008001dd8                TIM17_IRQHandler
                0x0000000008001dd8                TIM16_IRQHandler
                0x0000000008001dd8                TIM3_IRQHandler
                0x0000000008001dd8                EXTI4_15_IRQHandler
                0x0000000008001dd8                RCC_IRQHandler
                0x0000000008001dd8                DMA1_Channel1_IRQHandler
                0x0000000008001dd8                Default_Handler
                0x0000000008001dd8                TIM14_IRQHandler
                0x0000000008001dd8                EXTI0_1_IRQHandler
                0x0000000008001dd8                SPI2_IRQHandler
                0x0000000008001dd8                WWDG_IRQHandler
                0x0000000008001dd8                LPUART1_IRQHandler
                0x0000000008001dd8                TIM2_IRQHandler
                0x0000000008001dd8                DMA1_Channel2_3_IRQHandler
                0x0000000008001dd8                USART2_IRQHandler
                0x0000000008001dd8                FLASH_IRQHandler
                0x0000000008001dd8                USART1_IRQHandler
                0x0000000008001dd8                TIM1_BRK_UP_TRG_COM_IRQHandler
                0x0000000008001dd8                TIM1_CC_IRQHandler
 *fill*         0x0000000008001dda        0x2 
 .text.HAL_Init
                0x0000000008001ddc       0x40 Drivers/STM32G0xx_HAL_Driver/Src/stm32g0xx_hal.o
                0x0000000008001ddc                HAL_Init
 .text.HAL_InitTick
                0x0000000008001e1c       0x94 Drivers/STM32G0xx_HAL_Driver/Src/stm32g0xx_hal.o
                0x0000000008001e1c                HAL_InitTick
 .text.HAL_IncTick
                0x0000000008001eb0       0x20 Drivers/STM32G0xx_HAL_Driver/Src/stm32g0xx_hal.o
                0x0000000008001eb0                HAL_IncTick
 .text.HAL_GetTick
                0x0000000008001ed0       0x14 Drivers/STM32G0xx_HAL_Driver/Src/stm32g0xx_hal.o
                0x0000000008001ed0                HAL_GetTick
 .text.HAL_Delay
                0x0000000008001ee4       0x44 Drivers/STM32G0xx_HAL_Driver/Src/stm32g0xx_hal.o
                0x0000000008001ee4                HAL_Delay
 .text.LL_ADC_SetCommonPathInternalCh
                0x0000000008001f28       0x28 Drivers/STM32G0xx_HAL_Driver/Src/stm32g0xx_hal_adc.o
 .text.LL_ADC_GetCommonPathInternalCh
                0x0000000008001f50       0x1a Drivers/STM32G0xx_HAL_Driver/Src/stm32g0xx_hal_adc.o
 .text.LL_ADC_SetSamplingTimeCommonChannels
                0x0000000008001f6a       0x3a Drivers/STM32G0xx_HAL_Driver/Src/stm32g0xx_hal_adc.o
 .text.LL_ADC_REG_SetSequencerRanks
                0x0000000008001fa4       0x40 Drivers/STM32G0xx_HAL_Driver/Src/stm32g0xx_hal_adc.o
 .text.LL_ADC_REG_SetSequencerChAdd
                0x0000000008001fe4       0x22 Drivers/STM32G0xx_HAL_Driver/Src/stm32g0xx_hal_adc.o
 .text.LL_ADC_REG_SetSequencerChRem
                0x0000000008002006       0x24 Drivers/STM32G0xx_HAL_Driver/Src/stm32g0xx_hal_adc.o
 *fill*         0x000000000800202a        0x2 
 .text.LL_ADC_SetChannelSamplingTime
                0x000000000800202c       0x38 Drivers/STM32G0xx_HAL_Driver/Src/stm32g0xx_hal_adc.o
 .text.LL_ADC_SetAnalogWDMonitChannels
                0x0000000008002064       0x58 Drivers/STM32G0xx_HAL_Driver/Src/stm32g0xx_hal_adc.o
 .text.LL_ADC_ConfigAnalogWDThresholds
                0x00000000080020bc       0x4c Drivers/STM32G0xx_HAL_Driver/Src/stm32g0xx_hal_adc.o
 .text.LL_ADC_EnableInternalRegulator
                0x0000000008002108       0x28 Drivers/STM32G0xx_HAL_Driver/Src/stm32g0xx_hal_adc.o
 .text.LL_ADC_IsInternalRegulatorEnabled
                0x0000000008002130       0x28 Drivers/STM32G0xx_HAL_Driver/Src/stm32g0xx_hal_adc.o
 .text.LL_ADC_Enable
                0x0000000008002158       0x24 Drivers/STM32G0xx_HAL_Driver/Src/stm32g0xx_hal_adc.o
 .text.LL_ADC_Disable
                0x000000000800217c       0x24 Drivers/STM32G0xx_HAL_Driver/Src/stm32g0xx_hal_adc.o
 .text.LL_ADC_IsEnabled
                0x00000000080021a0       0x22 Drivers/STM32G0xx_HAL_Driver/Src/stm32g0xx_hal_adc.o
 .text.LL_ADC_IsDisableOngoing
                0x00000000080021c2       0x22 Drivers/STM32G0xx_HAL_Driver/Src/stm32g0xx_hal_adc.o
 .text.LL_ADC_REG_StartConversion
                0x00000000080021e4       0x24 Drivers/STM32G0xx_HAL_Driver/Src/stm32g0xx_hal_adc.o
 .text.LL_ADC_REG_IsConversionOngoing
                0x0000000008002208       0x22 Drivers/STM32G0xx_HAL_Driver/Src/stm32g0xx_hal_adc.o
 .text.LL_ADC_ClearFlag_AWD1
                0x000000000800222a       0x16 Drivers/STM32G0xx_HAL_Driver/Src/stm32g0xx_hal_adc.o
 .text.LL_ADC_ClearFlag_AWD2
                0x0000000008002240       0x18 Drivers/STM32G0xx_HAL_Driver/Src/stm32g0xx_hal_adc.o
 .text.LL_ADC_ClearFlag_AWD3
                0x0000000008002258       0x18 Drivers/STM32G0xx_HAL_Driver/Src/stm32g0xx_hal_adc.o
 .text.LL_ADC_EnableIT_AWD1
                0x0000000008002270       0x1c Drivers/STM32G0xx_HAL_Driver/Src/stm32g0xx_hal_adc.o
 .text.LL_ADC_EnableIT_AWD2
                0x000000000800228c       0x1e Drivers/STM32G0xx_HAL_Driver/Src/stm32g0xx_hal_adc.o
 .text.LL_ADC_EnableIT_AWD3
                0x00000000080022aa       0x1e Drivers/STM32G0xx_HAL_Driver/Src/stm32g0xx_hal_adc.o
 .text.LL_ADC_DisableIT_AWD1
                0x00000000080022c8       0x1e Drivers/STM32G0xx_HAL_Driver/Src/stm32g0xx_hal_adc.o
 *fill*         0x00000000080022e6        0x2 
 .text.LL_ADC_DisableIT_AWD2
                0x00000000080022e8       0x20 Drivers/STM32G0xx_HAL_Driver/Src/stm32g0xx_hal_adc.o
 .text.LL_ADC_DisableIT_AWD3
                0x0000000008002308       0x20 Drivers/STM32G0xx_HAL_Driver/Src/stm32g0xx_hal_adc.o
 .text.HAL_ADC_Init
                0x0000000008002328      0x3ac Drivers/STM32G0xx_HAL_Driver/Src/stm32g0xx_hal_adc.o
                0x0000000008002328                HAL_ADC_Init
 .text.HAL_ADC_Start
                0x00000000080026d4       0x9c Drivers/STM32G0xx_HAL_Driver/Src/stm32g0xx_hal_adc.o
                0x00000000080026d4                HAL_ADC_Start
 .text.HAL_ADC_ConfigChannel
                0x0000000008002770      0x3a8 Drivers/STM32G0xx_HAL_Driver/Src/stm32g0xx_hal_adc.o
                0x0000000008002770                HAL_ADC_ConfigChannel
 .text.HAL_ADC_AnalogWDGConfig
                0x0000000008002b18      0x510 Drivers/STM32G0xx_HAL_Driver/Src/stm32g0xx_hal_adc.o
                0x0000000008002b18                HAL_ADC_AnalogWDGConfig
 .text.ADC_Enable
                0x0000000008003028       0xb8 Drivers/STM32G0xx_HAL_Driver/Src/stm32g0xx_hal_adc.o
                0x0000000008003028                ADC_Enable
 .text.ADC_Disable
                0x00000000080030e0       0xb0 Drivers/STM32G0xx_HAL_Driver/Src/stm32g0xx_hal_adc.o
                0x00000000080030e0                ADC_Disable
 .text.LL_ADC_IsEnabled
                0x0000000008003190       0x22 Drivers/STM32G0xx_HAL_Driver/Src/stm32g0xx_hal_adc_ex.o
 .text.LL_ADC_IsCalibrationOnGoing
                0x00000000080031b2       0x26 Drivers/STM32G0xx_HAL_Driver/Src/stm32g0xx_hal_adc_ex.o
 .text.HAL_ADCEx_Calibration_Start
                0x00000000080031d8      0x104 Drivers/STM32G0xx_HAL_Driver/Src/stm32g0xx_hal_adc_ex.o
                0x00000000080031d8                HAL_ADCEx_Calibration_Start
 .text.__NVIC_SetPriority
                0x00000000080032dc       0xdc Drivers/STM32G0xx_HAL_Driver/Src/stm32g0xx_hal_cortex.o
 .text.SysTick_Config
                0x00000000080033b8       0x48 Drivers/STM32G0xx_HAL_Driver/Src/stm32g0xx_hal_cortex.o
 .text.HAL_NVIC_SetPriority
                0x0000000008003400       0x2a Drivers/STM32G0xx_HAL_Driver/Src/stm32g0xx_hal_cortex.o
                0x0000000008003400                HAL_NVIC_SetPriority
 .text.HAL_SYSTICK_Config
                0x000000000800342a       0x1a Drivers/STM32G0xx_HAL_Driver/Src/stm32g0xx_hal_cortex.o
                0x000000000800342a                HAL_SYSTICK_Config
 .text.HAL_FLASH_Unlock
                0x0000000008003444       0x48 Drivers/STM32G0xx_HAL_Driver/Src/stm32g0xx_hal_flash.o
                0x0000000008003444                HAL_FLASH_Unlock
 .text.HAL_FLASH_Lock
                0x000000000800348c       0x38 Drivers/STM32G0xx_HAL_Driver/Src/stm32g0xx_hal_flash.o
                0x000000000800348c                HAL_FLASH_Lock
 .text.HAL_GPIO_Init
                0x00000000080034c4      0x2c8 Drivers/STM32G0xx_HAL_Driver/Src/stm32g0xx_hal_gpio.o
                0x00000000080034c4                HAL_GPIO_Init
 .text.HAL_GPIO_WritePin
                0x000000000800378c       0x3a Drivers/STM32G0xx_HAL_Driver/Src/stm32g0xx_hal_gpio.o
                0x000000000800378c                HAL_GPIO_WritePin
 *fill*         0x00000000080037c6        0x2 
 .text.HAL_PWREx_ControlVoltageScaling
                0x00000000080037c8       0x80 Drivers/STM32G0xx_HAL_Driver/Src/stm32g0xx_hal_pwr_ex.o
                0x00000000080037c8                HAL_PWREx_ControlVoltageScaling
 .text.HAL_RCC_OscConfig
                0x0000000008003848      0x640 Drivers/STM32G0xx_HAL_Driver/Src/stm32g0xx_hal_rcc.o
                0x0000000008003848                HAL_RCC_OscConfig
 .text.HAL_RCC_ClockConfig
                0x0000000008003e88      0x210 Drivers/STM32G0xx_HAL_Driver/Src/stm32g0xx_hal_rcc.o
                0x0000000008003e88                HAL_RCC_ClockConfig
 .text.HAL_RCC_GetSysClockFreq
                0x0000000008004098      0x104 Drivers/STM32G0xx_HAL_Driver/Src/stm32g0xx_hal_rcc.o
                0x0000000008004098                HAL_RCC_GetSysClockFreq
 .text.HAL_RCCEx_PeriphCLKConfig
                0x000000000800419c      0x2f4 Drivers/STM32G0xx_HAL_Driver/Src/stm32g0xx_hal_rcc_ex.o
                0x000000000800419c                HAL_RCCEx_PeriphCLKConfig
 .text.__libc_init_array
                0x0000000008004490       0x48 /Volumes/Macintosh HD/Applications/STM32CubeIDE.app/Contents/Eclipse/plugins/com.st.stm32cube.ide.mcu.externaltools.gnu-tools-for-stm32.7-2018-q2-update.macos64_1.0.0.201904181610/tools/bin/../lib/gcc/arm-none-eabi/7.3.1/../../../../arm-none-eabi/lib/thumb/v6-m/libc_nano.a(lib_a-init.o)
                0x0000000008004490                __libc_init_array
 .text.memset   0x00000000080044d8       0x10 /Volumes/Macintosh HD/Applications/STM32CubeIDE.app/Contents/Eclipse/plugins/com.st.stm32cube.ide.mcu.externaltools.gnu-tools-for-stm32.7-2018-q2-update.macos64_1.0.0.201904181610/tools/bin/../lib/gcc/arm-none-eabi/7.3.1/../../../../arm-none-eabi/lib/thumb/v6-m/libc_nano.a(lib_a-memset.o)
                0x00000000080044d8                memset
 *(.glue_7)
 .glue_7        0x00000000080044e8        0x0 linker stubs
 *(.glue_7t)
 .glue_7t       0x00000000080044e8        0x0 linker stubs
 *(.eh_frame)
 .eh_frame      0x00000000080044e8        0x0 /Volumes/Macintosh HD/Applications/STM32CubeIDE.app/Contents/Eclipse/plugins/com.st.stm32cube.ide.mcu.externaltools.gnu-tools-for-stm32.7-2018-q2-update.macos64_1.0.0.201904181610/tools/bin/../lib/gcc/arm-none-eabi/7.3.1/thumb/v6-m/crtbegin.o
 *(.init)
 .init          0x00000000080044e8        0x4 /Volumes/Macintosh HD/Applications/STM32CubeIDE.app/Contents/Eclipse/plugins/com.st.stm32cube.ide.mcu.externaltools.gnu-tools-for-stm32.7-2018-q2-update.macos64_1.0.0.201904181610/tools/bin/../lib/gcc/arm-none-eabi/7.3.1/thumb/v6-m/crti.o
                0x00000000080044e8                _init
 .init          0x00000000080044ec        0x8 /Volumes/Macintosh HD/Applications/STM32CubeIDE.app/Contents/Eclipse/plugins/com.st.stm32cube.ide.mcu.externaltools.gnu-tools-for-stm32.7-2018-q2-update.macos64_1.0.0.201904181610/tools/bin/../lib/gcc/arm-none-eabi/7.3.1/thumb/v6-m/crtn.o
 *(.fini)
 .fini          0x00000000080044f4        0x4 /Volumes/Macintosh HD/Applications/STM32CubeIDE.app/Contents/Eclipse/plugins/com.st.stm32cube.ide.mcu.externaltools.gnu-tools-for-stm32.7-2018-q2-update.macos64_1.0.0.201904181610/tools/bin/../lib/gcc/arm-none-eabi/7.3.1/thumb/v6-m/crti.o
                0x00000000080044f4                _fini
 .fini          0x00000000080044f8        0x8 /Volumes/Macintosh HD/Applications/STM32CubeIDE.app/Contents/Eclipse/plugins/com.st.stm32cube.ide.mcu.externaltools.gnu-tools-for-stm32.7-2018-q2-update.macos64_1.0.0.201904181610/tools/bin/../lib/gcc/arm-none-eabi/7.3.1/thumb/v6-m/crtn.o
                0x0000000008004500                . = ALIGN (0x4)
                0x0000000008004500                _etext = .

.vfp11_veneer   0x0000000008004500        0x0
 .vfp11_veneer  0x0000000008004500        0x0 linker stubs

.v4_bx          0x0000000008004500        0x0
 .v4_bx         0x0000000008004500        0x0 linker stubs

.iplt           0x0000000008004500        0x0
 .iplt          0x0000000008004500        0x0 /Volumes/Macintosh HD/Applications/STM32CubeIDE.app/Contents/Eclipse/plugins/com.st.stm32cube.ide.mcu.externaltools.gnu-tools-for-stm32.7-2018-q2-update.macos64_1.0.0.201904181610/tools/bin/../lib/gcc/arm-none-eabi/7.3.1/thumb/v6-m/crtbegin.o

.rodata         0x0000000008004500      0x100
                0x0000000008004500                . = ALIGN (0x4)
 *(.rodata)
 .rodata        0x0000000008004500       0x80 /Volumes/Macintosh HD/Applications/STM32CubeIDE.app/Contents/Eclipse/plugins/com.st.stm32cube.ide.mcu.externaltools.gnu-tools-for-stm32.7-2018-q2-update.macos64_1.0.0.201904181610/tools/bin/../lib/gcc/arm-none-eabi/7.3.1/thumb/v6-m/libgcc.a(divsf3.o)
 .rodata        0x0000000008004580       0x40 /Volumes/Macintosh HD/Applications/STM32CubeIDE.app/Contents/Eclipse/plugins/com.st.stm32cube.ide.mcu.externaltools.gnu-tools-for-stm32.7-2018-q2-update.macos64_1.0.0.201904181610/tools/bin/../lib/gcc/arm-none-eabi/7.3.1/thumb/v6-m/libgcc.a(mulsf3.o)
 *(.rodata*)
 .rodata.AHBPrescTable
                0x00000000080045c0       0x40 Core/Src/system_stm32g0xx.o
                0x00000000080045c0                AHBPrescTable
                0x0000000008004600                . = ALIGN (0x4)

.rel.dyn        0x0000000008004600        0x0
 .rel.iplt      0x0000000008004600        0x0 /Volumes/Macintosh HD/Applications/STM32CubeIDE.app/Contents/Eclipse/plugins/com.st.stm32cube.ide.mcu.externaltools.gnu-tools-for-stm32.7-2018-q2-update.macos64_1.0.0.201904181610/tools/bin/../lib/gcc/arm-none-eabi/7.3.1/thumb/v6-m/crtbegin.o

.ARM.extab      0x0000000008004600        0x0
                0x0000000008004600                . = ALIGN (0x4)
 *(.ARM.extab* .gnu.linkonce.armextab.*)
                0x0000000008004600                . = ALIGN (0x4)

.ARM            0x0000000008004600        0x0
                0x0000000008004600                . = ALIGN (0x4)
                0x0000000008004600                __exidx_start = .
 *(.ARM.exidx*)
                0x0000000008004600                __exidx_end = .
                0x0000000008004600                . = ALIGN (0x4)

.preinit_array  0x0000000008004600        0x0
                0x0000000008004600                . = ALIGN (0x4)
                0x0000000008004600                PROVIDE (__preinit_array_start = .)
 *(.preinit_array*)
                0x0000000008004600                PROVIDE (__preinit_array_end = .)
                0x0000000008004600                . = ALIGN (0x4)

.init_array     0x0000000008004600        0x4
                0x0000000008004600                . = ALIGN (0x4)
                0x0000000008004600                PROVIDE (__init_array_start = .)
 *(SORT_BY_NAME(.init_array.*))
 *(.init_array*)
 .init_array    0x0000000008004600        0x4 /Volumes/Macintosh HD/Applications/STM32CubeIDE.app/Contents/Eclipse/plugins/com.st.stm32cube.ide.mcu.externaltools.gnu-tools-for-stm32.7-2018-q2-update.macos64_1.0.0.201904181610/tools/bin/../lib/gcc/arm-none-eabi/7.3.1/thumb/v6-m/crtbegin.o
                0x0000000008004604                PROVIDE (__init_array_end = .)
                0x0000000008004604                . = ALIGN (0x4)

.fini_array     0x0000000008004604        0x4
                0x0000000008004604                . = ALIGN (0x4)
                [!provide]                        PROVIDE (__fini_array_start = .)
 *(SORT_BY_NAME(.fini_array.*))
 *(.fini_array*)
 .fini_array    0x0000000008004604        0x4 /Volumes/Macintosh HD/Applications/STM32CubeIDE.app/Contents/Eclipse/plugins/com.st.stm32cube.ide.mcu.externaltools.gnu-tools-for-stm32.7-2018-q2-update.macos64_1.0.0.201904181610/tools/bin/../lib/gcc/arm-none-eabi/7.3.1/thumb/v6-m/crtbegin.o
                [!provide]                        PROVIDE (__fini_array_end = .)
                0x0000000008004608                . = ALIGN (0x4)
                0x0000000008004608                _sidata = LOADADDR (.data)

.data           0x0000000020000000       0x28 load address 0x0000000008004608
                0x0000000020000000                . = ALIGN (0x4)
                0x0000000020000000                _sdata = .
 *(.data)
 *(.data*)
 .data.FLASH_SR
                0x0000000020000000        0x4 Core/Src/main.o
                0x0000000020000000                FLASH_SR
 .data.FLASH_CR
                0x0000000020000004        0x4 Core/Src/main.o
                0x0000000020000004                FLASH_CR
 .data.PAGE15_SLOT1
                0x0000000020000008        0x4 Core/Src/main.o
                0x0000000020000008                PAGE15_SLOT1
 .data.GPIOA_IDR
                0x000000002000000c        0x4 Core/Src/main.o
                0x000000002000000c                GPIOA_IDR
 .data.GPIOA_ODR
                0x0000000020000010        0x4 Core/Src/main.o
                0x0000000020000010                GPIOA_ODR
 .data.ADC_ISR  0x0000000020000014        0x4 Core/Src/main.o
                0x0000000020000014                ADC_ISR
 .data.ADC_DR   0x0000000020000018        0x4 Core/Src/main.o
                0x0000000020000018                ADC_DR
 .data.SystemCoreClock
                0x000000002000001c        0x4 Core/Src/system_stm32g0xx.o
                0x000000002000001c                SystemCoreClock
 .data.uwTickPrio
                0x0000000020000020        0x4 Drivers/STM32G0xx_HAL_Driver/Src/stm32g0xx_hal.o
                0x0000000020000020                uwTickPrio
 .data.uwTickFreq
                0x0000000020000024        0x4 Drivers/STM32G0xx_HAL_Driver/Src/stm32g0xx_hal.o
                0x0000000020000024                uwTickFreq
                0x0000000020000028                . = ALIGN (0x4)
                0x0000000020000028                _edata = .

.igot.plt       0x0000000020000028        0x0 load address 0x0000000008004630
 .igot.plt      0x0000000020000028        0x0 /Volumes/Macintosh HD/Applications/STM32CubeIDE.app/Contents/Eclipse/plugins/com.st.stm32cube.ide.mcu.externaltools.gnu-tools-for-stm32.7-2018-q2-update.macos64_1.0.0.201904181610/tools/bin/../lib/gcc/arm-none-eabi/7.3.1/thumb/v6-m/crtbegin.o
                0x0000000020000028                . = ALIGN (0x4)

.bss            0x0000000020000028       0x84 load address 0x0000000008004630
                0x0000000020000028                _sbss = .
                0x0000000020000028                __bss_start__ = _sbss
 *(.bss)
 .bss           0x0000000020000028       0x1c /Volumes/Macintosh HD/Applications/STM32CubeIDE.app/Contents/Eclipse/plugins/com.st.stm32cube.ide.mcu.externaltools.gnu-tools-for-stm32.7-2018-q2-update.macos64_1.0.0.201904181610/tools/bin/../lib/gcc/arm-none-eabi/7.3.1/thumb/v6-m/crtbegin.o
 *(.bss*)
 *(COMMON)
 COMMON         0x0000000020000044       0x64 Core/Src/main.o
                0x0000000020000044                hadc1
 COMMON         0x00000000200000a8        0x4 Drivers/STM32G0xx_HAL_Driver/Src/stm32g0xx_hal.o
                0x00000000200000a8                uwTick
                0x00000000200000ac                . = ALIGN (0x4)
                0x00000000200000ac                _ebss = .
                0x00000000200000ac                __bss_end__ = _ebss

._user_heap_stack
                0x00000000200000ac      0x604 load address 0x0000000008004630
                0x00000000200000b0                . = ALIGN (0x8)
 *fill*         0x00000000200000ac        0x4 
                0x00000000200000b0                PROVIDE (end = .)
                [!provide]                        PROVIDE (_end = .)
                0x00000000200002b0                . = (. + _Min_Heap_Size)
 *fill*         0x00000000200000b0      0x200 
                0x00000000200006b0                . = (. + _Min_Stack_Size)
 *fill*         0x00000000200002b0      0x400 
                0x00000000200006b0                . = ALIGN (0x8)

/DISCARD/
 libc.a(*)
 libm.a(*)
 libgcc.a(*)

.ARM.attributes
                0x0000000000000000       0x28
 *(.ARM.attributes)
 .ARM.attributes
                0x0000000000000000       0x1e /Volumes/Macintosh HD/Applications/STM32CubeIDE.app/Contents/Eclipse/plugins/com.st.stm32cube.ide.mcu.externaltools.gnu-tools-for-stm32.7-2018-q2-update.macos64_1.0.0.201904181610/tools/bin/../lib/gcc/arm-none-eabi/7.3.1/thumb/v6-m/crti.o
 .ARM.attributes
                0x000000000000001e       0x2c /Volumes/Macintosh HD/Applications/STM32CubeIDE.app/Contents/Eclipse/plugins/com.st.stm32cube.ide.mcu.externaltools.gnu-tools-for-stm32.7-2018-q2-update.macos64_1.0.0.201904181610/tools/bin/../lib/gcc/arm-none-eabi/7.3.1/thumb/v6-m/crtbegin.o
 .ARM.attributes
                0x000000000000004a       0x32 Core/Src/main.o
 .ARM.attributes
                0x000000000000007c       0x32 Core/Src/stm32g0xx_hal_msp.o
 .ARM.attributes
                0x00000000000000ae       0x32 Core/Src/stm32g0xx_it.o
 .ARM.attributes
                0x00000000000000e0       0x32 Core/Src/system_stm32g0xx.o
 .ARM.attributes
                0x0000000000000112       0x21 Core/Startup/startup_stm32g031j6mx.o
 .ARM.attributes
                0x0000000000000133       0x32 Drivers/STM32G0xx_HAL_Driver/Src/stm32g0xx_hal.o
 .ARM.attributes
                0x0000000000000165       0x32 Drivers/STM32G0xx_HAL_Driver/Src/stm32g0xx_hal_adc.o
 .ARM.attributes
                0x0000000000000197       0x32 Drivers/STM32G0xx_HAL_Driver/Src/stm32g0xx_hal_adc_ex.o
 .ARM.attributes
                0x00000000000001c9       0x32 Drivers/STM32G0xx_HAL_Driver/Src/stm32g0xx_hal_cortex.o
 .ARM.attributes
                0x00000000000001fb       0x32 Drivers/STM32G0xx_HAL_Driver/Src/stm32g0xx_hal_flash.o
 .ARM.attributes
                0x000000000000022d       0x32 Drivers/STM32G0xx_HAL_Driver/Src/stm32g0xx_hal_gpio.o
 .ARM.attributes
                0x000000000000025f       0x32 Drivers/STM32G0xx_HAL_Driver/Src/stm32g0xx_hal_pwr_ex.o
 .ARM.attributes
                0x0000000000000291       0x32 Drivers/STM32G0xx_HAL_Driver/Src/stm32g0xx_hal_rcc.o
 .ARM.attributes
                0x00000000000002c3       0x32 Drivers/STM32G0xx_HAL_Driver/Src/stm32g0xx_hal_rcc_ex.o
 .ARM.attributes
                0x00000000000002f5       0x2c /Volumes/Macintosh HD/Applications/STM32CubeIDE.app/Contents/Eclipse/plugins/com.st.stm32cube.ide.mcu.externaltools.gnu-tools-for-stm32.7-2018-q2-update.macos64_1.0.0.201904181610/tools/bin/../lib/gcc/arm-none-eabi/7.3.1/../../../../arm-none-eabi/lib/thumb/v6-m/libc_nano.a(lib_a-init.o)
 .ARM.attributes
                0x0000000000000321       0x2c /Volumes/Macintosh HD/Applications/STM32CubeIDE.app/Contents/Eclipse/plugins/com.st.stm32cube.ide.mcu.externaltools.gnu-tools-for-stm32.7-2018-q2-update.macos64_1.0.0.201904181610/tools/bin/../lib/gcc/arm-none-eabi/7.3.1/../../../../arm-none-eabi/lib/thumb/v6-m/libc_nano.a(lib_a-memset.o)
 .ARM.attributes
                0x000000000000034d       0x1e /Volumes/Macintosh HD/Applications/STM32CubeIDE.app/Contents/Eclipse/plugins/com.st.stm32cube.ide.mcu.externaltools.gnu-tools-for-stm32.7-2018-q2-update.macos64_1.0.0.201904181610/tools/bin/../lib/gcc/arm-none-eabi/7.3.1/thumb/v6-m/libgcc.a(_udivsi3.o)
 .ARM.attributes
                0x000000000000036b       0x1e /Volumes/Macintosh HD/Applications/STM32CubeIDE.app/Contents/Eclipse/plugins/com.st.stm32cube.ide.mcu.externaltools.gnu-tools-for-stm32.7-2018-q2-update.macos64_1.0.0.201904181610/tools/bin/../lib/gcc/arm-none-eabi/7.3.1/thumb/v6-m/libgcc.a(_dvmd_tls.o)
 .ARM.attributes
                0x0000000000000389       0x2c /Volumes/Macintosh HD/Applications/STM32CubeIDE.app/Contents/Eclipse/plugins/com.st.stm32cube.ide.mcu.externaltools.gnu-tools-for-stm32.7-2018-q2-update.macos64_1.0.0.201904181610/tools/bin/../lib/gcc/arm-none-eabi/7.3.1/thumb/v6-m/libgcc.a(_fixunssfsi.o)
 .ARM.attributes
                0x00000000000003b5       0x2c /Volumes/Macintosh HD/Applications/STM32CubeIDE.app/Contents/Eclipse/plugins/com.st.stm32cube.ide.mcu.externaltools.gnu-tools-for-stm32.7-2018-q2-update.macos64_1.0.0.201904181610/tools/bin/../lib/gcc/arm-none-eabi/7.3.1/thumb/v6-m/libgcc.a(divsf3.o)
 .ARM.attributes
                0x00000000000003e1       0x2c /Volumes/Macintosh HD/Applications/STM32CubeIDE.app/Contents/Eclipse/plugins/com.st.stm32cube.ide.mcu.externaltools.gnu-tools-for-stm32.7-2018-q2-update.macos64_1.0.0.201904181610/tools/bin/../lib/gcc/arm-none-eabi/7.3.1/thumb/v6-m/libgcc.a(mulsf3.o)
 .ARM.attributes
                0x000000000000040d       0x2c /Volumes/Macintosh HD/Applications/STM32CubeIDE.app/Contents/Eclipse/plugins/com.st.stm32cube.ide.mcu.externaltools.gnu-tools-for-stm32.7-2018-q2-update.macos64_1.0.0.201904181610/tools/bin/../lib/gcc/arm-none-eabi/7.3.1/thumb/v6-m/libgcc.a(subsf3.o)
 .ARM.attributes
                0x0000000000000439       0x2c /Volumes/Macintosh HD/Applications/STM32CubeIDE.app/Contents/Eclipse/plugins/com.st.stm32cube.ide.mcu.externaltools.gnu-tools-for-stm32.7-2018-q2-update.macos64_1.0.0.201904181610/tools/bin/../lib/gcc/arm-none-eabi/7.3.1/thumb/v6-m/libgcc.a(fixsfsi.o)
 .ARM.attributes
                0x0000000000000465       0x2c /Volumes/Macintosh HD/Applications/STM32CubeIDE.app/Contents/Eclipse/plugins/com.st.stm32cube.ide.mcu.externaltools.gnu-tools-for-stm32.7-2018-q2-update.macos64_1.0.0.201904181610/tools/bin/../lib/gcc/arm-none-eabi/7.3.1/thumb/v6-m/libgcc.a(floatsisf.o)
 .ARM.attributes
                0x0000000000000491       0x2c /Volumes/Macintosh HD/Applications/STM32CubeIDE.app/Contents/Eclipse/plugins/com.st.stm32cube.ide.mcu.externaltools.gnu-tools-for-stm32.7-2018-q2-update.macos64_1.0.0.201904181610/tools/bin/../lib/gcc/arm-none-eabi/7.3.1/thumb/v6-m/libgcc.a(floatunsisf.o)
 .ARM.attributes
                0x00000000000004bd       0x1e /Volumes/Macintosh HD/Applications/STM32CubeIDE.app/Contents/Eclipse/plugins/com.st.stm32cube.ide.mcu.externaltools.gnu-tools-for-stm32.7-2018-q2-update.macos64_1.0.0.201904181610/tools/bin/../lib/gcc/arm-none-eabi/7.3.1/thumb/v6-m/libgcc.a(_arm_cmpsf2.o)
 .ARM.attributes
                0x00000000000004db       0x1e /Volumes/Macintosh HD/Applications/STM32CubeIDE.app/Contents/Eclipse/plugins/com.st.stm32cube.ide.mcu.externaltools.gnu-tools-for-stm32.7-2018-q2-update.macos64_1.0.0.201904181610/tools/bin/../lib/gcc/arm-none-eabi/7.3.1/thumb/v6-m/libgcc.a(_clzsi2.o)
 .ARM.attributes
                0x00000000000004f9       0x2c /Volumes/Macintosh HD/Applications/STM32CubeIDE.app/Contents/Eclipse/plugins/com.st.stm32cube.ide.mcu.externaltools.gnu-tools-for-stm32.7-2018-q2-update.macos64_1.0.0.201904181610/tools/bin/../lib/gcc/arm-none-eabi/7.3.1/thumb/v6-m/libgcc.a(eqsf2.o)
 .ARM.attributes
                0x0000000000000525       0x2c /Volumes/Macintosh HD/Applications/STM32CubeIDE.app/Contents/Eclipse/plugins/com.st.stm32cube.ide.mcu.externaltools.gnu-tools-for-stm32.7-2018-q2-update.macos64_1.0.0.201904181610/tools/bin/../lib/gcc/arm-none-eabi/7.3.1/thumb/v6-m/libgcc.a(gesf2.o)
 .ARM.attributes
                0x0000000000000551       0x2c /Volumes/Macintosh HD/Applications/STM32CubeIDE.app/Contents/Eclipse/plugins/com.st.stm32cube.ide.mcu.externaltools.gnu-tools-for-stm32.7-2018-q2-update.macos64_1.0.0.201904181610/tools/bin/../lib/gcc/arm-none-eabi/7.3.1/thumb/v6-m/libgcc.a(lesf2.o)
 .ARM.attributes
                0x000000000000057d       0x1e /Volumes/Macintosh HD/Applications/STM32CubeIDE.app/Contents/Eclipse/plugins/com.st.stm32cube.ide.mcu.externaltools.gnu-tools-for-stm32.7-2018-q2-update.macos64_1.0.0.201904181610/tools/bin/../lib/gcc/arm-none-eabi/7.3.1/thumb/v6-m/crtn.o
OUTPUT(ProStick64_X_axis.elf elf32-littlearm)

.debug_info     0x0000000000000000     0x79c4
 .debug_info    0x0000000000000000     0x11fa Core/Src/main.o
 .debug_info    0x00000000000011fa      0xa6f Core/Src/stm32g0xx_hal_msp.o
 .debug_info    0x0000000000001c69      0x1e8 Core/Src/stm32g0xx_it.o
 .debug_info    0x0000000000001e51      0x434 Core/Src/system_stm32g0xx.o
 .debug_info    0x0000000000002285       0x22 Core/Startup/startup_stm32g031j6mx.o
 .debug_info    0x00000000000022a7      0xa1a Drivers/STM32G0xx_HAL_Driver/Src/stm32g0xx_hal.o
 .debug_info    0x0000000000002cc1     0x1455 Drivers/STM32G0xx_HAL_Driver/Src/stm32g0xx_hal_adc.o
 .debug_info    0x0000000000004116      0x99e Drivers/STM32G0xx_HAL_Driver/Src/stm32g0xx_hal_adc_ex.o
 .debug_info    0x0000000000004ab4      0x95f Drivers/STM32G0xx_HAL_Driver/Src/stm32g0xx_hal_cortex.o
 .debug_info    0x0000000000005413      0x692 Drivers/STM32G0xx_HAL_Driver/Src/stm32g0xx_hal_flash.o
 .debug_info    0x0000000000005aa5      0x63a Drivers/STM32G0xx_HAL_Driver/Src/stm32g0xx_hal_gpio.o
 .debug_info    0x00000000000060df      0x64f Drivers/STM32G0xx_HAL_Driver/Src/stm32g0xx_hal_pwr_ex.o
 .debug_info    0x000000000000672e      0xaa5 Drivers/STM32G0xx_HAL_Driver/Src/stm32g0xx_hal_rcc.o
 .debug_info    0x00000000000071d3      0x7f1 Drivers/STM32G0xx_HAL_Driver/Src/stm32g0xx_hal_rcc_ex.o

.debug_abbrev   0x0000000000000000     0x198c
 .debug_abbrev  0x0000000000000000      0x2c7 Core/Src/main.o
 .debug_abbrev  0x00000000000002c7      0x18c Core/Src/stm32g0xx_hal_msp.o
 .debug_abbrev  0x0000000000000453       0xe2 Core/Src/stm32g0xx_it.o
 .debug_abbrev  0x0000000000000535      0x147 Core/Src/system_stm32g0xx.o
 .debug_abbrev  0x000000000000067c       0x12 Core/Startup/startup_stm32g031j6mx.o
 .debug_abbrev  0x000000000000068e      0x242 Drivers/STM32G0xx_HAL_Driver/Src/stm32g0xx_hal.o
 .debug_abbrev  0x00000000000008d0      0x20c Drivers/STM32G0xx_HAL_Driver/Src/stm32g0xx_hal_adc.o
 .debug_abbrev  0x0000000000000adc      0x20d Drivers/STM32G0xx_HAL_Driver/Src/stm32g0xx_hal_adc_ex.o
 .debug_abbrev  0x0000000000000ce9      0x27c Drivers/STM32G0xx_HAL_Driver/Src/stm32g0xx_hal_cortex.o
 .debug_abbrev  0x0000000000000f65      0x295 Drivers/STM32G0xx_HAL_Driver/Src/stm32g0xx_hal_flash.o
 .debug_abbrev  0x00000000000011fa      0x1b7 Drivers/STM32G0xx_HAL_Driver/Src/stm32g0xx_hal_gpio.o
 .debug_abbrev  0x00000000000013b1      0x1f6 Drivers/STM32G0xx_HAL_Driver/Src/stm32g0xx_hal_pwr_ex.o
 .debug_abbrev  0x00000000000015a7      0x211 Drivers/STM32G0xx_HAL_Driver/Src/stm32g0xx_hal_rcc.o
 .debug_abbrev  0x00000000000017b8      0x1d4 Drivers/STM32G0xx_HAL_Driver/Src/stm32g0xx_hal_rcc_ex.o

.debug_aranges  0x0000000000000000      0x820
 .debug_aranges
                0x0000000000000000       0x88 Core/Src/main.o
 .debug_aranges
                0x0000000000000088       0x30 Core/Src/stm32g0xx_hal_msp.o
 .debug_aranges
                0x00000000000000b8       0x40 Core/Src/stm32g0xx_it.o
 .debug_aranges
                0x00000000000000f8       0x28 Core/Src/system_stm32g0xx.o
 .debug_aranges
                0x0000000000000120       0x28 Core/Startup/startup_stm32g031j6mx.o
 .debug_aranges
                0x0000000000000148      0x128 Drivers/STM32G0xx_HAL_Driver/Src/stm32g0xx_hal.o
 .debug_aranges
                0x0000000000000270      0x1e0 Drivers/STM32G0xx_HAL_Driver/Src/stm32g0xx_hal_adc.o
 .debug_aranges
                0x0000000000000450       0x78 Drivers/STM32G0xx_HAL_Driver/Src/stm32g0xx_hal_adc_ex.o
 .debug_aranges
                0x00000000000004c8       0xd8 Drivers/STM32G0xx_HAL_Driver/Src/stm32g0xx_hal_cortex.o
 .debug_aranges
                0x00000000000005a0       0x88 Drivers/STM32G0xx_HAL_Driver/Src/stm32g0xx_hal_flash.o
 .debug_aranges
                0x0000000000000628       0x60 Drivers/STM32G0xx_HAL_Driver/Src/stm32g0xx_hal_gpio.o
 .debug_aranges
                0x0000000000000688       0xc0 Drivers/STM32G0xx_HAL_Driver/Src/stm32g0xx_hal_pwr_ex.o
 .debug_aranges
                0x0000000000000748       0x98 Drivers/STM32G0xx_HAL_Driver/Src/stm32g0xx_hal_rcc.o
 .debug_aranges
                0x00000000000007e0       0x40 Drivers/STM32G0xx_HAL_Driver/Src/stm32g0xx_hal_rcc_ex.o

.debug_ranges   0x0000000000000000      0x748
 .debug_ranges  0x0000000000000000       0x78 Core/Src/main.o
 .debug_ranges  0x0000000000000078       0x20 Core/Src/stm32g0xx_hal_msp.o
 .debug_ranges  0x0000000000000098       0x30 Core/Src/stm32g0xx_it.o
 .debug_ranges  0x00000000000000c8       0x18 Core/Src/system_stm32g0xx.o
 .debug_ranges  0x00000000000000e0       0x20 Core/Startup/startup_stm32g031j6mx.o
 .debug_ranges  0x0000000000000100      0x118 Drivers/STM32G0xx_HAL_Driver/Src/stm32g0xx_hal.o
 .debug_ranges  0x0000000000000218      0x1d0 Drivers/STM32G0xx_HAL_Driver/Src/stm32g0xx_hal_adc.o
 .debug_ranges  0x00000000000003e8       0x68 Drivers/STM32G0xx_HAL_Driver/Src/stm32g0xx_hal_adc_ex.o
 .debug_ranges  0x0000000000000450       0xc8 Drivers/STM32G0xx_HAL_Driver/Src/stm32g0xx_hal_cortex.o
 .debug_ranges  0x0000000000000518       0x78 Drivers/STM32G0xx_HAL_Driver/Src/stm32g0xx_hal_flash.o
 .debug_ranges  0x0000000000000590       0x50 Drivers/STM32G0xx_HAL_Driver/Src/stm32g0xx_hal_gpio.o
 .debug_ranges  0x00000000000005e0       0xb0 Drivers/STM32G0xx_HAL_Driver/Src/stm32g0xx_hal_pwr_ex.o
 .debug_ranges  0x0000000000000690       0x88 Drivers/STM32G0xx_HAL_Driver/Src/stm32g0xx_hal_rcc.o
 .debug_ranges  0x0000000000000718       0x30 Drivers/STM32G0xx_HAL_Driver/Src/stm32g0xx_hal_rcc_ex.o

.debug_macro    0x0000000000000000    0x14b70
 .debug_macro   0x0000000000000000      0x1e2 Core/Src/main.o
 .debug_macro   0x00000000000001e2      0xa48 Core/Src/main.o
 .debug_macro   0x0000000000000c2a      0x103 Core/Src/main.o
 .debug_macro   0x0000000000000d2d       0x2e Core/Src/main.o
 .debug_macro   0x0000000000000d5b       0x28 Core/Src/main.o
 .debug_macro   0x0000000000000d83       0x22 Core/Src/main.o
 .debug_macro   0x0000000000000da5       0x8e Core/Src/main.o
 .debug_macro   0x0000000000000e33       0x51 Core/Src/main.o
 .debug_macro   0x0000000000000e84       0xef Core/Src/main.o
 .debug_macro   0x0000000000000f73       0x6a Core/Src/main.o
 .debug_macro   0x0000000000000fdd      0x1df Core/Src/main.o
 .debug_macro   0x00000000000011bc       0x1c Core/Src/main.o
 .debug_macro   0x00000000000011d8       0x22 Core/Src/main.o
 .debug_macro   0x00000000000011fa       0xb5 Core/Src/main.o
 .debug_macro   0x00000000000012af      0x4da Core/Src/main.o
 .debug_macro   0x0000000000001789      0x11f Core/Src/main.o
 .debug_macro   0x00000000000018a8     0xaa73 Core/Src/main.o
 .debug_macro   0x000000000000c31b       0x3c Core/Src/main.o
 .debug_macro   0x000000000000c357     0x3468 Core/Src/main.o
 .debug_macro   0x000000000000f7bf      0x174 Core/Src/main.o
 .debug_macro   0x000000000000f933       0x5a Core/Src/main.o
 .debug_macro   0x000000000000f98d      0x53b Core/Src/main.o
 .debug_macro   0x000000000000fec8      0xee7 Core/Src/main.o
 .debug_macro   0x0000000000010daf      0x1cc Core/Src/main.o
 .debug_macro   0x0000000000010f7b      0x153 Core/Src/main.o
 .debug_macro   0x00000000000110ce      0x122 Core/Src/main.o
 .debug_macro   0x00000000000111f0      0x2f0 Core/Src/main.o
 .debug_macro   0x00000000000114e0      0x1a5 Core/Src/main.o
 .debug_macro   0x0000000000011685       0x43 Core/Src/main.o
 .debug_macro   0x00000000000116c8      0x1f1 Core/Src/main.o
 .debug_macro   0x00000000000118b9      0x893 Core/Src/main.o
 .debug_macro   0x000000000001214c      0x5b4 Core/Src/main.o
 .debug_macro   0x0000000000012700       0x2e Core/Src/main.o
 .debug_macro   0x000000000001272e      0x1b7 Core/Src/main.o
 .debug_macro   0x00000000000128e5      0x36e Core/Src/main.o
 .debug_macro   0x0000000000012c53       0x28 Core/Src/main.o
 .debug_macro   0x0000000000012c7b       0xc1 Core/Src/main.o
 .debug_macro   0x0000000000012d3c      0x25a Core/Src/main.o
 .debug_macro   0x0000000000012f96       0xd2 Core/Src/main.o
 .debug_macro   0x0000000000013068      0x4ae Core/Src/main.o
 .debug_macro   0x0000000000013516       0x34 Core/Src/main.o
 .debug_macro   0x000000000001354a      0x1d0 Core/Src/stm32g0xx_hal_msp.o
 .debug_macro   0x000000000001371a      0x1da Core/Src/stm32g0xx_it.o
 .debug_macro   0x00000000000138f4      0x1c7 Core/Src/system_stm32g0xx.o
 .debug_macro   0x0000000000013abb      0x1e5 Drivers/STM32G0xx_HAL_Driver/Src/stm32g0xx_hal.o
 .debug_macro   0x0000000000013ca0      0x1e5 Drivers/STM32G0xx_HAL_Driver/Src/stm32g0xx_hal_adc.o
 .debug_macro   0x0000000000013e85      0x1c7 Drivers/STM32G0xx_HAL_Driver/Src/stm32g0xx_hal_adc_ex.o
 .debug_macro   0x000000000001404c      0x1c1 Drivers/STM32G0xx_HAL_Driver/Src/stm32g0xx_hal_cortex.o
 .debug_macro   0x000000000001420d      0x1c1 Drivers/STM32G0xx_HAL_Driver/Src/stm32g0xx_hal_flash.o
 .debug_macro   0x00000000000143ce      0x1f9 Drivers/STM32G0xx_HAL_Driver/Src/stm32g0xx_hal_gpio.o
 .debug_macro   0x00000000000145c7      0x1d3 Drivers/STM32G0xx_HAL_Driver/Src/stm32g0xx_hal_pwr_ex.o
 .debug_macro   0x000000000001479a      0x1fd Drivers/STM32G0xx_HAL_Driver/Src/stm32g0xx_hal_rcc.o
 .debug_macro   0x0000000000014997      0x1d9 Drivers/STM32G0xx_HAL_Driver/Src/stm32g0xx_hal_rcc_ex.o

.debug_line     0x0000000000000000     0x7723
 .debug_line    0x0000000000000000      0xa8a Core/Src/main.o
 .debug_line    0x0000000000000a8a      0x6e5 Core/Src/stm32g0xx_hal_msp.o
 .debug_line    0x000000000000116f      0x70c Core/Src/stm32g0xx_it.o
 .debug_line    0x000000000000187b      0x6d4 Core/Src/system_stm32g0xx.o
 .debug_line    0x0000000000001f4f       0x89 Core/Startup/startup_stm32g031j6mx.o
 .debug_line    0x0000000000001fd8      0x941 Drivers/STM32G0xx_HAL_Driver/Src/stm32g0xx_hal.o
 .debug_line    0x0000000000002919     0x1103 Drivers/STM32G0xx_HAL_Driver/Src/stm32g0xx_hal_adc.o
 .debug_line    0x0000000000003a1c      0x81a Drivers/STM32G0xx_HAL_Driver/Src/stm32g0xx_hal_adc_ex.o
 .debug_line    0x0000000000004236      0x8ff Drivers/STM32G0xx_HAL_Driver/Src/stm32g0xx_hal_cortex.o
 .debug_line    0x0000000000004b35      0x89b Drivers/STM32G0xx_HAL_Driver/Src/stm32g0xx_hal_flash.o
 .debug_line    0x00000000000053d0      0x847 Drivers/STM32G0xx_HAL_Driver/Src/stm32g0xx_hal_gpio.o
 .debug_line    0x0000000000005c17      0x88c Drivers/STM32G0xx_HAL_Driver/Src/stm32g0xx_hal_pwr_ex.o
 .debug_line    0x00000000000064a3      0x9a8 Drivers/STM32G0xx_HAL_Driver/Src/stm32g0xx_hal_rcc.o
 .debug_line    0x0000000000006e4b      0x8d8 Drivers/STM32G0xx_HAL_Driver/Src/stm32g0xx_hal_rcc_ex.o

.debug_str      0x0000000000000000    0x83bac
 .debug_str     0x0000000000000000    0x81b25 Core/Src/main.o
                                      0x82270 (size before relaxing)
 .debug_str     0x0000000000081b25       0x99 Core/Src/stm32g0xx_hal_msp.o
                                      0x81d9f (size before relaxing)
 .debug_str     0x0000000000081bbe       0x76 Core/Src/stm32g0xx_it.o
                                      0x817c7 (size before relaxing)
 .debug_str     0x0000000000081c34       0x9c Core/Src/system_stm32g0xx.o
                                      0x817ec (size before relaxing)
 .debug_str     0x0000000000081cd0       0x36 Core/Startup/startup_stm32g031j6mx.o
                                         0x7c (size before relaxing)
 .debug_str     0x0000000000081d06      0x693 Drivers/STM32G0xx_HAL_Driver/Src/stm32g0xx_hal.o
                                      0x81ee1 (size before relaxing)
 .debug_str     0x0000000000082399      0x7b1 Drivers/STM32G0xx_HAL_Driver/Src/stm32g0xx_hal_adc.o
                                      0x82438 (size before relaxing)
 .debug_str     0x0000000000082b4a      0x1fc Drivers/STM32G0xx_HAL_Driver/Src/stm32g0xx_hal_adc_ex.o
                                      0x81def (size before relaxing)
 .debug_str     0x0000000000082d46      0x29b Drivers/STM32G0xx_HAL_Driver/Src/stm32g0xx_hal_cortex.o
                                      0x81c48 (size before relaxing)
 .debug_str     0x0000000000082fe1      0x1f3 Drivers/STM32G0xx_HAL_Driver/Src/stm32g0xx_hal_flash.o
                                      0x81984 (size before relaxing)
 .debug_str     0x00000000000831d4      0x23b Drivers/STM32G0xx_HAL_Driver/Src/stm32g0xx_hal_gpio.o
                                      0x819ce (size before relaxing)
 .debug_str     0x000000000008340f      0x2d1 Drivers/STM32G0xx_HAL_Driver/Src/stm32g0xx_hal_pwr_ex.o
                                      0x81add (size before relaxing)
 .debug_str     0x00000000000836e0      0x360 Drivers/STM32G0xx_HAL_Driver/Src/stm32g0xx_hal_rcc.o
                                      0x81d8e (size before relaxing)
 .debug_str     0x0000000000083a40      0x16c Drivers/STM32G0xx_HAL_Driver/Src/stm32g0xx_hal_rcc_ex.o
                                      0x81af3 (size before relaxing)

.comment        0x0000000000000000       0x7b
 .comment       0x0000000000000000       0x7b Core/Src/main.o
                                         0x7c (size before relaxing)
 .comment       0x000000000000007b       0x7c Core/Src/stm32g0xx_hal_msp.o
 .comment       0x000000000000007b       0x7c Core/Src/stm32g0xx_it.o
 .comment       0x000000000000007b       0x7c Core/Src/system_stm32g0xx.o
 .comment       0x000000000000007b       0x7c Drivers/STM32G0xx_HAL_Driver/Src/stm32g0xx_hal.o
 .comment       0x000000000000007b       0x7c Drivers/STM32G0xx_HAL_Driver/Src/stm32g0xx_hal_adc.o
 .comment       0x000000000000007b       0x7c Drivers/STM32G0xx_HAL_Driver/Src/stm32g0xx_hal_adc_ex.o
 .comment       0x000000000000007b       0x7c Drivers/STM32G0xx_HAL_Driver/Src/stm32g0xx_hal_cortex.o
 .comment       0x000000000000007b       0x7c Drivers/STM32G0xx_HAL_Driver/Src/stm32g0xx_hal_flash.o
 .comment       0x000000000000007b       0x7c Drivers/STM32G0xx_HAL_Driver/Src/stm32g0xx_hal_gpio.o
 .comment       0x000000000000007b       0x7c Drivers/STM32G0xx_HAL_Driver/Src/stm32g0xx_hal_pwr_ex.o
 .comment       0x000000000000007b       0x7c Drivers/STM32G0xx_HAL_Driver/Src/stm32g0xx_hal_rcc.o
 .comment       0x000000000000007b       0x7c Drivers/STM32G0xx_HAL_Driver/Src/stm32g0xx_hal_rcc_ex.o

.debug_frame    0x0000000000000000     0x1d64
 .debug_frame   0x0000000000000000      0x1d0 Core/Src/main.o
 .debug_frame   0x00000000000001d0       0x70 Core/Src/stm32g0xx_hal_msp.o
 .debug_frame   0x0000000000000240       0x9c Core/Src/stm32g0xx_it.o
 .debug_frame   0x00000000000002dc       0x4c Core/Src/system_stm32g0xx.o
 .debug_frame   0x0000000000000328      0x3fc Drivers/STM32G0xx_HAL_Driver/Src/stm32g0xx_hal.o
 .debug_frame   0x0000000000000724      0x74c Drivers/STM32G0xx_HAL_Driver/Src/stm32g0xx_hal_adc.o
 .debug_frame   0x0000000000000e70      0x190 Drivers/STM32G0xx_HAL_Driver/Src/stm32g0xx_hal_adc_ex.o
 .debug_frame   0x0000000000001000      0x2fc Drivers/STM32G0xx_HAL_Driver/Src/stm32g0xx_hal_cortex.o
 .debug_frame   0x00000000000012fc      0x1d4 Drivers/STM32G0xx_HAL_Driver/Src/stm32g0xx_hal_flash.o
 .debug_frame   0x00000000000014d0      0x130 Drivers/STM32G0xx_HAL_Driver/Src/stm32g0xx_hal_gpio.o
 .debug_frame   0x0000000000001600      0x280 Drivers/STM32G0xx_HAL_Driver/Src/stm32g0xx_hal_pwr_ex.o
 .debug_frame   0x0000000000001880      0x1f4 Drivers/STM32G0xx_HAL_Driver/Src/stm32g0xx_hal_rcc.o
 .debug_frame   0x0000000000001a74       0xb0 Drivers/STM32G0xx_HAL_Driver/Src/stm32g0xx_hal_rcc_ex.o
 .debug_frame   0x0000000000001b24       0x2c /Volumes/Macintosh HD/Applications/STM32CubeIDE.app/Contents/Eclipse/plugins/com.st.stm32cube.ide.mcu.externaltools.gnu-tools-for-stm32.7-2018-q2-update.macos64_1.0.0.201904181610/tools/bin/../lib/gcc/arm-none-eabi/7.3.1/../../../../arm-none-eabi/lib/thumb/v6-m/libc_nano.a(lib_a-init.o)
 .debug_frame   0x0000000000001b50       0x20 /Volumes/Macintosh HD/Applications/STM32CubeIDE.app/Contents/Eclipse/plugins/com.st.stm32cube.ide.mcu.externaltools.gnu-tools-for-stm32.7-2018-q2-update.macos64_1.0.0.201904181610/tools/bin/../lib/gcc/arm-none-eabi/7.3.1/../../../../arm-none-eabi/lib/thumb/v6-m/libc_nano.a(lib_a-memset.o)
 .debug_frame   0x0000000000001b70       0x20 /Volumes/Macintosh HD/Applications/STM32CubeIDE.app/Contents/Eclipse/plugins/com.st.stm32cube.ide.mcu.externaltools.gnu-tools-for-stm32.7-2018-q2-update.macos64_1.0.0.201904181610/tools/bin/../lib/gcc/arm-none-eabi/7.3.1/thumb/v6-m/libgcc.a(_udivsi3.o)
 .debug_frame   0x0000000000001b90       0x28 /Volumes/Macintosh HD/Applications/STM32CubeIDE.app/Contents/Eclipse/plugins/com.st.stm32cube.ide.mcu.externaltools.gnu-tools-for-stm32.7-2018-q2-update.macos64_1.0.0.201904181610/tools/bin/../lib/gcc/arm-none-eabi/7.3.1/thumb/v6-m/libgcc.a(_fixunssfsi.o)
 .debug_frame   0x0000000000001bb8       0x3c /Volumes/Macintosh HD/Applications/STM32CubeIDE.app/Contents/Eclipse/plugins/com.st.stm32cube.ide.mcu.externaltools.gnu-tools-for-stm32.7-2018-q2-update.macos64_1.0.0.201904181610/tools/bin/../lib/gcc/arm-none-eabi/7.3.1/thumb/v6-m/libgcc.a(divsf3.o)
 .debug_frame   0x0000000000001bf4       0x3c /Volumes/Macintosh HD/Applications/STM32CubeIDE.app/Contents/Eclipse/plugins/com.st.stm32cube.ide.mcu.externaltools.gnu-tools-for-stm32.7-2018-q2-update.macos64_1.0.0.201904181610/tools/bin/../lib/gcc/arm-none-eabi/7.3.1/thumb/v6-m/libgcc.a(mulsf3.o)
 .debug_frame   0x0000000000001c30       0x38 /Volumes/Macintosh HD/Applications/STM32CubeIDE.app/Contents/Eclipse/plugins/com.st.stm32cube.ide.mcu.externaltools.gnu-tools-for-stm32.7-2018-q2-update.macos64_1.0.0.201904181610/tools/bin/../lib/gcc/arm-none-eabi/7.3.1/thumb/v6-m/libgcc.a(subsf3.o)
 .debug_frame   0x0000000000001c68       0x20 /Volumes/Macintosh HD/Applications/STM32CubeIDE.app/Contents/Eclipse/plugins/com.st.stm32cube.ide.mcu.externaltools.gnu-tools-for-stm32.7-2018-q2-update.macos64_1.0.0.201904181610/tools/bin/../lib/gcc/arm-none-eabi/7.3.1/thumb/v6-m/libgcc.a(fixsfsi.o)
 .debug_frame   0x0000000000001c88       0x2c /Volumes/Macintosh HD/Applications/STM32CubeIDE.app/Contents/Eclipse/plugins/com.st.stm32cube.ide.mcu.externaltools.gnu-tools-for-stm32.7-2018-q2-update.macos64_1.0.0.201904181610/tools/bin/../lib/gcc/arm-none-eabi/7.3.1/thumb/v6-m/libgcc.a(floatsisf.o)
 .debug_frame   0x0000000000001cb4       0x2c /Volumes/Macintosh HD/Applications/STM32CubeIDE.app/Contents/Eclipse/plugins/com.st.stm32cube.ide.mcu.externaltools.gnu-tools-for-stm32.7-2018-q2-update.macos64_1.0.0.201904181610/tools/bin/../lib/gcc/arm-none-eabi/7.3.1/thumb/v6-m/libgcc.a(floatunsisf.o)
 .debug_frame   0x0000000000001ce0       0x2c /Volumes/Macintosh HD/Applications/STM32CubeIDE.app/Contents/Eclipse/plugins/com.st.stm32cube.ide.mcu.externaltools.gnu-tools-for-stm32.7-2018-q2-update.macos64_1.0.0.201904181610/tools/bin/../lib/gcc/arm-none-eabi/7.3.1/thumb/v6-m/libgcc.a(eqsf2.o)
 .debug_frame   0x0000000000001d0c       0x2c /Volumes/Macintosh HD/Applications/STM32CubeIDE.app/Contents/Eclipse/plugins/com.st.stm32cube.ide.mcu.externaltools.gnu-tools-for-stm32.7-2018-q2-update.macos64_1.0.0.201904181610/tools/bin/../lib/gcc/arm-none-eabi/7.3.1/thumb/v6-m/libgcc.a(gesf2.o)
 .debug_frame   0x0000000000001d38       0x2c /Volumes/Macintosh HD/Applications/STM32CubeIDE.app/Contents/Eclipse/plugins/com.st.stm32cube.ide.mcu.externaltools.gnu-tools-for-stm32.7-2018-q2-update.macos64_1.0.0.201904181610/tools/bin/../lib/gcc/arm-none-eabi/7.3.1/thumb/v6-m/libgcc.a(lesf2.o)
