main_nofloat.c:85:5:main	80	static
main_nofloat.c:177:6:SystemClock_Config	128	static
main_nofloat.c:230:13:MX_ADC1_Init	48	static
main_nofloat.c:298:13:MX_GPIO_Init	48	static
main_nofloat.c:325:9:getCalFlashSlot	24	static
main_nofloat.c:340:6:calibration	88	static
main_nofloat.c:409:6:draw5	16	static
main_nofloat.c:433:6:drawInf	16	static
main_nofloat.c:457:6:writeToFlash	24	static,ignoring_inline_asm
main_nofloat.c:473:6:eraseFlash	8	static
main_nofloat.c:488:10:getValue	16	static
main_nofloat.c:496:6:rotateLeft	24	static
main_nofloat.c:507:6:rotateRight	24	static
main_nofloat.c:523:6:Error_Handler	8	static
