main.c:104:5:main	64	static
main.c:224:6:SystemClock_Config	128	static
main.c:277:13:MX_ADC1_Init	48	static
main.c:347:13:MX_GPIO_Init	48	static
main.c:376:9:getCalFlashSlot	16	static
main.c:386:6:calibration	88	static
main.c:512:6:draw	24	static
main.c:565:6:writeToFlash	24	static,ignoring_inline_asm
main.c:582:6:eraseFlash	8	static
main.c:595:10:getValue	16	static
main.c:603:6:rotateLeft	24	static
main.c:615:6:rotateRight	24	static
main.c:627:6:swdioInput	32	static
main.c:640:6:Error_Handler	8	static
